\BOOKMARK [1][-]{section*.2}{\376\377\000A\000b\000s\000t\000r\000a\000c\000t}{}% 1
\BOOKMARK [1][-]{section.1}{\376\377\0001\000\040\000I\000n\000t\000r\000o\000d\000u\000c\000t\000i\000o\000n}{}% 2
\BOOKMARK [2][-]{subsection.1.1}{\376\377\0001\000.\0001\000\040\000T\000w\000o\000\040\000t\000r\000a\000d\000i\000t\000i\000o\000n\000s\000,\000\040\000o\000n\000e\000\040\000b\000l\000i\000n\000d\000\040\000s\000p\000o\000t}{section.1}% 3
\BOOKMARK [2][-]{subsection.1.2}{\376\377\0001\000.\0002\000\040\000T\000h\000e\000\040\000q\000u\000e\000s\000t\000i\000o\000n\000\040\000i\000n\000s\000t\000e\000a\000d\000\040\000o\000f\000\040\000t\000h\000e\000\040\000p\000i\000c\000t\000u\000r\000e}{section.1}% 4
\BOOKMARK [2][-]{subsection.1.3}{\376\377\0001\000.\0003\000\040\000T\000h\000e\000\040\000h\000a\000r\000d\000\040\000c\000a\000s\000e\000\040\000i\000s\000\040\000t\000h\000e\000\040\000i\000n\000t\000e\000r\000e\000s\000t\000i\000n\000g\000\040\000c\000a\000s\000e}{section.1}% 5
\BOOKMARK [2][-]{subsection.1.4}{\376\377\0001\000.\0004\000\040\000W\000r\000i\000t\000i\000n\000g\000\040\000t\000h\000i\000s\000\040\000p\000a\000p\000e\000r\000\040\000c\000h\000a\000n\000g\000e\000d\000\040\000t\000h\000e\000\040\000t\000o\000o\000l}{section.1}% 6
\BOOKMARK [2][-]{subsection.1.5}{\376\377\0001\000.\0005\000\040\000C\000o\000n\000t\000r\000i\000b\000u\000t\000i\000o\000n\000s}{section.1}% 7
\BOOKMARK [1][-]{section.2}{\376\377\0002\000\040\000R\000e\000l\000a\000t\000e\000d\000\040\000w\000o\000r\000k}{}% 8
\BOOKMARK [1][-]{section.3}{\376\377\0003\000\040\000M\000o\000i\000r\000\351\000\040\000a\000s\000\040\000a\000\040\000f\000i\000e\000l\000d}{}% 9
\BOOKMARK [2][-]{subsection.3.1}{\376\377\0003\000.\0001\000\040\000A\000\040\000l\000a\000y\000e\000r\000\040\000i\000s\000\040\000t\000w\000o\000\040\000s\000c\000a\000l\000a\000r\000\040\000f\000i\000e\000l\000d\000s}{section.3}% 10
\BOOKMARK [2][-]{subsection.3.2}{\376\377\0003\000.\0002\000\040\000T\000h\000e\000\040\000g\000r\000a\000d\000i\000e\000n\000t\000\040\000i\000s\000\040\000n\000o\000t\000\040\000o\000p\000t\000i\000o\000n\000a\000l}{section.3}% 11
\BOOKMARK [2][-]{subsection.3.3}{\376\377\0003\000.\0003\000\040\000C\000o\000m\000p\000o\000s\000i\000t\000i\000n\000g}{section.3}% 12
\BOOKMARK [2][-]{subsection.3.4}{\376\377\0003\000.\0004\000\040\000T\000h\000e\000\040\000f\000r\000i\000n\000g\000e\000\040\000l\000a\000w}{section.3}% 13
\BOOKMARK [2][-]{subsection.3.5}{\376\377\0003\000.\0005\000\040\000T\000h\000e\000\040\000e\000n\000v\000e\000l\000o\000p\000e\000\040\000v\000i\000e\000w}{section.3}% 14
\BOOKMARK [2][-]{subsection.3.6}{\376\377\0003\000.\0006\000\040\000W\000h\000e\000n\000\040\000i\000s\000\040\000t\000h\000e\000r\000e\000\040\000a\000\040\000f\000r\000i\000n\000g\000e\000\040\000a\000t\000\040\000a\000l\000l\000?}{section.3}% 15
\BOOKMARK [2][-]{subsection.3.7}{\376\377\0003\000.\0007\000\040\000V\000e\000r\000i\000f\000i\000c\000a\000t\000i\000o\000n}{section.3}% 16
\BOOKMARK [1][-]{section.4}{\376\377\0004\000\040\000T\000h\000e\000\040\000c\000a\000t\000a\000l\000o\000g}{}% 17
\BOOKMARK [2][-]{subsection.4.1}{\376\377\0004\000.\0001\000\040\000N\000i\000n\000e\000\040\000c\000l\000o\000s\000e\000d\000\040\000f\000o\000r\000m\000s}{section.4}% 18
\BOOKMARK [2][-]{subsection.4.2}{\376\377\0004\000.\0002\000\040\000T\000w\000o\000\040\000f\000a\000m\000i\000l\000i\000e\000s\000\040\000t\000h\000a\000t\000\040\000a\000r\000e\000\040\000n\000o\000t\000\040\000p\000h\000a\000s\000e\000\040\000f\000u\000n\000c\000t\000i\000o\000n\000s}{section.4}% 19
\BOOKMARK [2][-]{subsection.4.3}{\376\377\0004\000.\0003\000\040\000A\000n\000d\000\040\000o\000n\000e\000\040\000t\000h\000a\000t\000\040\000h\000a\000s\000\040\000n\000o\000\040\000i\000n\000d\000e\000x\000\040\000f\000i\000e\000l\000d\000\040\000a\000t\000\040\000a\000l\000l}{section.4}% 20
\BOOKMARK [1][-]{section.5}{\376\377\0005\000\040\000W\000a\000l\000k\000i\000n\000g\000\040\000f\000a\000m\000i\000l\000i\000e\000s}{}% 21
\BOOKMARK [2][-]{subsection.5.1}{\376\377\0005\000.\0001\000\040\000R\000a\000d\000i\000a\000l\000\040\000m\000e\000t\000r\000i\000c\000s\000\040\000a\000r\000e\000\040\000s\000u\000p\000p\000o\000r\000t\000\040\000f\000u\000n\000c\000t\000i\000o\000n\000s}{section.5}% 22
\BOOKMARK [2][-]{subsection.5.2}{\376\377\0005\000.\0002\000\040\000T\000h\000e\000\040\000f\000a\000m\000i\000l\000y\000,\000\040\000a\000n\000d\000\040\000t\000h\000e\000\040\000f\000i\000e\000l\000d\000\040\000i\000t\000\040\000i\000n\000d\000u\000c\000e\000s}{section.5}% 23
\BOOKMARK [2][-]{subsection.5.3}{\376\377\0005\000.\0003\000\040\000W\000h\000y\000\040\000i\000n\000v\000e\000r\000s\000i\000o\000n\000\040\000i\000s\000\040\000t\000h\000e\000\040\000w\000h\000o\000l\000e\000\040\000p\000r\000o\000b\000l\000e\000m}{section.5}% 24
\BOOKMARK [1][-]{section.6}{\376\377\0006\000\040\000B\000o\000u\000n\000d\000e\000d\000\040\000i\000n\000v\000e\000r\000s\000i\000o\000n}{}% 25
\BOOKMARK [2][-]{subsection.6.1}{\376\377\0006\000.\0001\000\040\000T\000h\000e\000\040\000g\000u\000a\000r\000d\000:\000\040\000w\000h\000a\000t\000\040\000t\000h\000e\000\040\000r\000e\000n\000d\000e\000r\000e\000r\000\040\000a\000c\000t\000u\000a\000l\000l\000y\000\040\000n\000e\000e\000d\000s}{section.6}% 26
\BOOKMARK [2][-]{subsection.6.2}{\376\377\0006\000.\0002\000\040\000T\000h\000e\000\040\000d\000r\000i\000f\000t\000\040\000c\000o\000n\000s\000t\000a\000n\000t}{section.6}% 27
\BOOKMARK [2][-]{subsection.6.3}{\376\377\0006\000.\0003\000\040\000A\000\040\000p\000r\000o\000v\000a\000b\000l\000y\000\040\000s\000u\000f\000f\000i\000c\000i\000e\000n\000t\000\040\000i\000n\000t\000e\000r\000v\000a\000l\000\040\000o\000f\000\040\000i\000n\000d\000i\000c\000e\000s}{section.6}% 28
\BOOKMARK [2][-]{subsection.6.4}{\376\377\0006\000.\0004\000\040\000S\000k\000i\000p\000p\000i\000n\000g\000\040\000t\000h\000e\000\040\000i\000n\000t\000e\000r\000v\000a\000l}{section.6}% 29
\BOOKMARK [2][-]{subsection.6.5}{\376\377\0006\000.\0005\000\040\000T\000r\000a\000n\000s\000l\000a\000t\000e\000d\000\040\000p\000o\000l\000y\000g\000o\000n\000s\000\040\000i\000n\000\040\000c\000l\000o\000s\000e\000d\000\040\000f\000o\000r\000m}{section.6}% 30
\BOOKMARK [2][-]{subsection.6.6}{\376\377\0006\000.\0006\000\040\000I\000m\000p\000l\000e\000m\000e\000n\000t\000a\000t\000i\000o\000n}{section.6}% 31
\BOOKMARK [1][-]{section.7}{\376\377\0007\000\040\000M\000o\000i\000r\000\351}{}% 32
\BOOKMARK [2][-]{subsection.7.1}{\376\377\0007\000.\0001\000\040\000O\000n\000e\000\040\000p\000a\000s\000s\000,\000\040\000t\000w\000e\000l\000v\000e\000\040\000s\000l\000o\000t\000s\000,\000\040\000c\000o\000m\000p\000i\000l\000e\000d\000\040\000o\000n\000c\000e}{section.7}% 33
\BOOKMARK [2][-]{subsection.7.2}{\376\377\0007\000.\0002\000\040\000T\000h\000e\000\040\000s\000t\000r\000o\000k\000e\000\040\000h\000a\000s\000\040\000a\000\040\000f\000l\000o\000o\000r\000,\000\040\000a\000n\000d\000\040\000t\000h\000e\000\040\000f\000l\000o\000o\000r\000\040\000i\000s\000\040\000i\000n\000\040\000w\000o\000r\000l\000d\000\040\000u\000n\000i\000t\000s}{section.7}% 34
\BOOKMARK [2][-]{subsection.7.3}{\376\377\0007\000.\0003\000\040\000C\000h\000a\000n\000g\000i\000n\000g\000\040\000f\000a\000m\000i\000l\000y\000\040\000w\000i\000t\000h\000o\000u\000t\000\040\000a\000\040\000c\000u\000t}{section.7}% 35
\BOOKMARK [2][-]{subsection.7.4}{\376\377\0007\000.\0004\000\040\000D\000i\000r\000e\000c\000t\000\040\000m\000a\000n\000i\000p\000u\000l\000a\000t\000i\000o\000n\000\040\000o\000f\000\040\000a\000\040\000f\000i\000e\000l\000d}{section.7}% 36
\BOOKMARK [1][-]{section.8}{\376\377\0008\000\040\000R\000e\000s\000u\000l\000t\000s}{}% 37
\BOOKMARK [2][-]{subsection.8.1}{\376\377\0008\000.\0001\000\040\000P\000r\000o\000t\000o\000c\000o\000l}{section.8}% 38
\BOOKMARK [2][-]{subsection.8.2}{\376\377\0008\000.\0002\000\040\000C\000o\000s\000t}{section.8}% 39
\BOOKMARK [2][-]{subsection.8.3}{\376\377\0008\000.\0003\000\040\000F\000i\000d\000e\000l\000i\000t\000y}{section.8}% 40
\BOOKMARK [2][-]{subsection.8.4}{\376\377\0008\000.\0004\000\040\000A\000b\000l\000a\000t\000i\000o\000n}{section.8}% 41
\BOOKMARK [2][-]{subsection.8.5}{\376\377\0008\000.\0005\000\040\000W\000h\000e\000r\000e\000\040\000t\000h\000e\000\040\000g\000u\000a\000r\000a\000n\000t\000e\000e\000\040\000e\000n\000d\000s}{section.8}% 42
\BOOKMARK [1][-]{section.9}{\376\377\0009\000\040\000F\000r\000i\000n\000g\000e\000s\000\040\000a\000s\000\040\000a\000n\000\040\000i\000n\000s\000t\000r\000u\000m\000e\000n\000t}{}% 43
\BOOKMARK [2][-]{subsection.9.1}{\376\377\0009\000.\0001\000\040\000E\000n\000c\000o\000d\000i\000n\000g\000\040\000a\000\040\000f\000i\000e\000l\000d\000\040\000i\000n\000\040\000t\000h\000e\000\040\000d\000i\000f\000f\000e\000r\000e\000n\000c\000e}{section.9}% 44
\BOOKMARK [2][-]{subsection.9.2}{\376\377\0009\000.\0002\000\040\000W\000r\000i\000t\000i\000n\000g\000\040\000t\000h\000e\000\040\000f\000i\000e\000l\000d}{section.9}% 45
\BOOKMARK [2][-]{subsection.9.3}{\376\377\0009\000.\0003\000\040\000D\000o\000e\000s\000\040\000t\000h\000e\000\040\000i\000n\000k\000\040\000l\000a\000n\000d\000\040\000o\000n\000\040\000t\000h\000e\000\040\000c\000u\000r\000v\000e\000?}{section.9}% 46
\BOOKMARK [2][-]{subsection.9.4}{\376\377\0009\000.\0004\000\040\000T\000h\000e\000\040\000l\000i\000m\000i\000t\000,\000\040\000a\000n\000d\000\040\000w\000h\000a\000t\000\040\000i\000t\000\040\000l\000o\000o\000k\000s\000\040\000l\000i\000k\000e}{section.9}% 47
\BOOKMARK [2][-]{subsection.9.5}{\376\377\0009\000.\0005\000\040\000W\000h\000a\000t\000\040\000e\000l\000s\000e\000\040\000l\000i\000v\000e\000s\000\040\000i\000n\000\040\000a\000\040\000d\000i\000f\000f\000e\000r\000e\000n\000c\000e}{section.9}% 48
\BOOKMARK [1][-]{section.10}{\376\377\0001\0000\000\040\000D\000i\000s\000c\000u\000s\000s\000i\000o\000n}{}% 49
\BOOKMARK [1][-]{section.11}{\376\377\0001\0001\000\040\000C\000o\000n\000c\000l\000u\000s\000i\000o\000n}{}% 50
\BOOKMARK [1][-]{section*.61}{\376\377\000R\000e\000f\000e\000r\000e\000n\000c\000e\000s}{}% 51
\BOOKMARK [1][-]{appendix.A}{\376\377\000A\000\040\000P\000r\000o\000o\000f\000s}{}% 52
\BOOKMARK [2][-]{subsection.A.1}{\376\377\000A\000.\0001\000\040\000T\000h\000e\000\040\000f\000r\000i\000n\000g\000e\000\040\000l\000a\000w}{appendix.A}% 53
\BOOKMARK [2][-]{subsection.A.2}{\376\377\000A\000.\0002\000\040\000R\000e\000m\000a\000i\000n\000i\000n\000g\000\040\000p\000r\000o\000o\000f\000s}{appendix.A}% 54
\BOOKMARK [1][-]{appendix.B}{\376\377\000B\000\040\000T\000h\000e\000\040\000f\000a\000m\000i\000l\000i\000e\000s\000,\000\040\000d\000r\000a\000w\000n}{}% 55
\BOOKMARK [1][-]{appendix.C}{\376\377\000C\000\040\000T\000h\000e\000\040\000g\000r\000a\000d\000i\000e\000n\000t\000\040\000a\000t\000l\000a\000s}{}% 56
\BOOKMARK [2][-]{subsection.C.1}{\376\377\000C\000.\0001\000\040\000W\000h\000a\000t\000\040\000w\000a\000s\000\040\000m\000e\000a\000s\000u\000r\000e\000d}{appendix.C}% 57
\BOOKMARK [2][-]{subsection.C.2}{\376\377\000C\000.\0002\000\040\000R\000e\000a\000d\000i\000n\000g\000\040\000t\000h\000e\000\040\000t\000a\000b\000l\000e\000\040\000t\000h\000e\000\040\000o\000t\000h\000e\000r\000\040\000w\000a\000y}{appendix.C}% 58
\BOOKMARK [2][-]{subsection.C.3}{\376\377\000C\000.\0003\000\040\000C\000o\000n\000s\000e\000q\000u\000e\000n\000c\000e\000\040\000f\000o\000r\000\040\000t\000h\000e\000\040\000s\000t\000r\000o\000k\000e\000\040\000f\000l\000o\000o\000r}{appendix.C}% 59
\BOOKMARK [2][-]{subsection.C.4}{\376\377\000C\000.\0004\000\040\000T\000h\000e\000\040\000s\000a\000m\000e\000\040\000d\000i\000v\000i\000d\000e\000,\000\040\000f\000o\000r\000\040\000a\000n\000\040\000a\000u\000t\000h\000o\000r\000e\000d\000\040\000f\000i\000e\000l\000d}{appendix.C}% 60
\BOOKMARK [1][-]{appendix.D}{\376\377\000D\000\040\000G\000a\000l\000l\000e\000r\000y\000,\000\040\000w\000i\000t\000h\000\040\000s\000e\000t\000t\000i\000n\000g\000s}{}% 61
\BOOKMARK [2][-]{subsection.D.1}{\376\377\000D\000.\0001\000\040\000T\000e\000a\000s\000e\000r\000\040\000\050\000F\000i\000g\000u\000r\000e\000\040\0001\000\051}{appendix.D}% 62
\BOOKMARK [2][-]{subsection.D.2}{\376\377\000D\000.\0002\000\040\000C\000a\000t\000a\000l\000o\000g\000\040\000p\000l\000a\000t\000e\000\040\000\050\000F\000i\000g\000u\000r\000e\000\040\0001\0008\000\051}{appendix.D}% 63
\BOOKMARK [2][-]{subsection.D.3}{\376\377\000D\000.\0003\000\040\000C\000o\000n\000t\000o\000u\000r\000\040\000c\000o\000m\000p\000o\000s\000i\000t\000i\000o\000n\000s\000\040\000\050\000F\000i\000g\000u\000r\000e\000s\000\040\0001\0004\040\023\0001\0006\000\051}{appendix.D}% 64
\BOOKMARK [1][-]{appendix.E}{\376\377\000E\000\040\000R\000e\000p\000r\000o\000d\000u\000c\000i\000n\000g\000\040\000t\000h\000e\000\040\000n\000u\000m\000b\000e\000r\000s}{}% 65
\BOOKMARK [2][-]{subsection.E.1}{\376\377\000E\000.\0001\000\040\000L\000a\000y\000o\000u\000t}{appendix.E}% 66
\BOOKMARK [2][-]{subsection.E.2}{\376\377\000E\000.\0002\000\040\000T\000h\000e\000\040\000s\000o\000l\000v\000e\000r\000s\000\040\000u\000n\000d\000e\000r\000\040\000t\000e\000s\000t\000\040\000a\000r\000e\000\040\000t\000h\000e\000\040\000s\000h\000i\000p\000p\000e\000d\000\040\000s\000o\000u\000r\000c\000e\000s}{appendix.E}% 67
\BOOKMARK [2][-]{subsection.E.3}{\376\377\000E\000.\0003\000\040\000F\000i\000g\000u\000r\000e\000s\000\040\000a\000r\000e\000\040\000r\000e\000n\000d\000e\000r\000s\000,\000\040\000n\000o\000t\000\040\000s\000c\000r\000e\000e\000n\000s\000h\000o\000t\000s}{appendix.E}% 68
\BOOKMARK [2][-]{subsection.E.4}{\376\377\000E\000.\0004\000\040\000R\000u\000n\000n\000i\000n\000g\000\040\000i\000t}{appendix.E}% 69
